// Jest Snapshot v1, https://goo.gl/fbAQLP

exports[`should render expense list with expenses 1`] = `
<div
  className="content-container"
>
  <div
    className="list-header"
  >
    <div
      className="show-for-mobile"
    >
      Expense
    </div>
    <div
      className="show-for-desktop"
    >
      Expense
    </div>
    <div
      className="show-for-desktop"
    >
      Amount
    </div>
  </div>
  <div
    className="list-body"
  >
    <ExpenseListItem
      amount={123}
      createdAt={0}
      description="Gum"
      id="1"
      key="1"
      note="Pies Gum"
    />
    <ExpenseListItem
      amount={1222}
      createdAt={-345600000}
      description="Pies"
      id="2"
      key="2"
      note="Pies Pies"
    />
    <ExpenseListItem
      amount={1}
      createdAt={10368000000}
      description="Jamnik"
      id="3"
      key="3"
      note="Pies Jamnik"
    />
  </div>
</div>
`;

exports[`should render expense list with no expenses 1`] = `
<div
  className="content-container"
>
  <div
    className="list-header"
  >
    <div
      className="show-for-mobile"
    >
      Expense
    </div>
    <div
      className="show-for-desktop"
    >
      Expense
    </div>
    <div
      className="show-for-desktop"
    >
      Amount
    </div>
  </div>
  <div
    className="list-body"
  >
    <div
      className="list-item list-item--message"
    >
      <span>
        No expenses
      </span>
    </div>
  </div>
</div>
`;
