// Jest Snapshot v1, https://goo.gl/fbAQLP

exports[`should render not found page correctly 1`] = `
<div>
  <h1>
    404! - 
    <[object Object]
      to="/"
    >
      Go to Homepage
    </[object Object]>
  </h1>
</div>
`;
